<html>
<body>
<pre>
<h1>µVision Build Log</h1>
<h2>Tool Versions:</h2>
IDE-Version: µVision V5.17.0.0
Copyright (C) 2015 ARM Ltd and ARM Germany GmbH. All rights reserved.
License Information: ttttt ttttt, tttt, LIC=----
 
Tool Versions:
Toolchain:       MDK-Lite  Version: 5.17
Toolchain Path:  C:\Keil_v5\ARM\ARMCC\Bin
C Compiler:      Armcc.exe V5.06 update 1 (build 61)
Assembler:       Armasm.exe V5.06 update 1 (build 61)
Linker/Locator:  ArmLink.exe V5.06 update 1 (build 61)
Library Manager: ArmAr.exe V5.06 update 1 (build 61)
Hex Converter:   FromElf.exe V5.06 update 1 (build 61)
CPU DLL:         SARMCM3.DLL V5.17
Dialog DLL:      DCM.DLL V1.13.4.0
Target DLL:      STLink\ST-LINKIII-KEIL_SWO.dll V2.0.18.0
Dialog DLL:      TCM.DLL V1.14.6.0
 
<h2>Project:</h2>
C:\Users\Admin1\Documents\GitHub\nrf4l01p-for-STM32f107\testNRF_3\MDK-ARM\testNRF_3.uvprojx
Project File Date:  04/20/2016

<h2>Output:</h2>
*** Using Compiler 'V5.06 update 1 (build 61)', folder: 'C:\Keil_v5\ARM\ARMCC\Bin'
Build target 'testNRF_3 Configuration'
compiling main.c...
..\nrf24l01\regMapCmds.h(65): warning:  #1-D: last line of file ends without a newline
  //1+ 1  +         2       +          2        +                 4                 +                4                +           4        +          14 =32Bytes
..\nrf24l01\nRF24L01p.h(9): warning:  #1295-D: Deprecated declaration initFirst - give arg types
        void initFirst();
..\nrf24l01\nRF24L01p.h(11): warning:  #1295-D: Deprecated declaration csnHigh - give arg types
        void csnHigh();
..\nrf24l01\nRF24L01p.h(12): warning:  #1295-D: Deprecated declaration csnLow - give arg types
        void csnLow();
..\nrf24l01\nRF24L01p.h(13): warning:  #1295-D: Deprecated declaration ceHigh - give arg types
        void ceHigh();
..\nrf24l01\nRF24L01p.h(14): warning:  #1295-D: Deprecated declaration ceLow - give arg types
        void ceLow();
..\nrf24l01\nRF24L01p.h(15): warning:  #1295-D: Deprecated declaration cePulse - give arg types
        void cePulse();
..\nrf24l01\nRF24L01p.h(16): warning:  #1295-D: Deprecated declaration testLow - give arg types
        void testLow();
..\nrf24l01\nRF24L01p.h(17): warning:  #1295-D: Deprecated declaration testHigh - give arg types
        void testHigh();
..\nrf24l01\nRF24L01p.h(27): warning:  #1295-D: Deprecated declaration getStatus - give arg types
        uint8_t getStatus();
..\nrf24l01\nRF24L01p.h(28): warning:  #1295-D: Deprecated declaration getFIFO - give arg types
        uint8_t getFIFO();
..\nrf24l01\nRF24L01p.h(31): warning:  #1295-D: Deprecated declaration powerUp - give arg types
        void powerUp();
..\nrf24l01\nRF24L01p.h(32): warning:  #1295-D: Deprecated declaration powerDown - give arg types
        void powerDown();
..\nrf24l01\nRF24L01p.h(41): warning:  #1295-D: Deprecated declaration primPRX - give arg types
        void primPRX();
..\nrf24l01\nRF24L01p.h(42): warning:  #1295-D: Deprecated declaration primPTX - give arg types
        void primPTX();
..\nrf24l01\nRF24L01p.h(43): warning:  #1295-D: Deprecated declaration payLoadWidth - give arg types
        uint8_t payLoadWidth();
..\nrf24l01\nRF24L01p.h(44): warning:  #1295-D: Deprecated declaration flushRX - give arg types
        void flushRX();
..\nrf24l01\nRF24L01p.h(45): warning:  #1295-D: Deprecated declaration flushTX - give arg types
        void flushTX();
..\nrf24l01\nRF24L01p.h(49): warning:  #1295-D: Deprecated declaration init - give arg types
        void init();
..\nrf24l01\nRF24L01p.h(55): warning:  #1295-D: Deprecated declaration available - give arg types
        
ool available();
..\nrf24l01\nRF24L01p.h(57): warning:  #1295-D: Deprecated declaration read - give arg types
        
ool read();
../Src/main.c: 21 warnings, 0 errors
linking...
Program Size: Code=8636 RO-data=384 RW-data=20 ZI-data=1244  
FromELF: creating hex file...
"testNRF_3 Configuration\testNRF_3 Configuration4.axf" - 0 Error(s), 21 Warning(s).

<h2>Software Packages used:</h2>

Package Vendor: ARM
                http://www.keil.com/pack/ARM.CMSIS.4.5.0.pack
                ARM::CMSIS:CORE:4.3.0
                CMSIS (Cortex Microcontroller Software Interface Standard)
   * Component: CORE Version: 4.3.0

<h2>Collection of Component include folders:</h2>
  C:\Users\Admin1\Documents\GitHub\nrf4l01p-for-STM32f107\testNRF_3\MDK-ARM\RTE
  C:\Keil_v5\ARM\PACK\ARM\CMSIS\4.5.0\CMSIS\Include

<h2>Collection of Component Files used:</h2>

   * Component: ARM::CMSIS:CORE:4.3.0
Build Time Elapsed:  00:00:02
</pre>
</body>
</html>
